Archive member included to satisfy reference by file (symbol)

c:/eclipse/plugins/fr.ac6.mcu.externaltools.arm-none.win32_1.7.0.201602121829/tools/compiler/bin/../lib/gcc/arm-none-eabi/5.2.1/../../../../arm-none-eabi/lib/armv7e-m/fpu/fpv5-sp-d16\libc_nano.a(lib_a-exit.o)
                              c:/eclipse/plugins/fr.ac6.mcu.externaltools.arm-none.win32_1.7.0.201602121829/tools/compiler/bin/../lib/gcc/arm-none-eabi/5.2.1/../../../../arm-none-eabi/lib/armv7e-m/fpu/fpv5-sp-d16/crt0.o (exit)
c:/eclipse/plugins/fr.ac6.mcu.externaltools.arm-none.win32_1.7.0.201602121829/tools/compiler/bin/../lib/gcc/arm-none-eabi/5.2.1/../../../../arm-none-eabi/lib/armv7e-m/fpu/fpv5-sp-d16\libc_nano.a(lib_a-impure.o)
                              c:/eclipse/plugins/fr.ac6.mcu.externaltools.arm-none.win32_1.7.0.201602121829/tools/compiler/bin/../lib/gcc/arm-none-eabi/5.2.1/../../../../arm-none-eabi/lib/armv7e-m/fpu/fpv5-sp-d16\libc_nano.a(lib_a-exit.o) (_global_impure_ptr)
c:/eclipse/plugins/fr.ac6.mcu.externaltools.arm-none.win32_1.7.0.201602121829/tools/compiler/bin/../lib/gcc/arm-none-eabi/5.2.1/../../../../arm-none-eabi/lib/armv7e-m/fpu/fpv5-sp-d16\libc_nano.a(lib_a-init.o)
                              c:/eclipse/plugins/fr.ac6.mcu.externaltools.arm-none.win32_1.7.0.201602121829/tools/compiler/bin/../lib/gcc/arm-none-eabi/5.2.1/../../../../arm-none-eabi/lib/armv7e-m/fpu/fpv5-sp-d16/crt0.o (__libc_init_array)
c:/eclipse/plugins/fr.ac6.mcu.externaltools.arm-none.win32_1.7.0.201602121829/tools/compiler/bin/../lib/gcc/arm-none-eabi/5.2.1/../../../../arm-none-eabi/lib/armv7e-m/fpu/fpv5-sp-d16\libc_nano.a(lib_a-memset.o)
                              c:/eclipse/plugins/fr.ac6.mcu.externaltools.arm-none.win32_1.7.0.201602121829/tools/compiler/bin/../lib/gcc/arm-none-eabi/5.2.1/../../../../arm-none-eabi/lib/armv7e-m/fpu/fpv5-sp-d16/crt0.o (memset)
c:/eclipse/plugins/fr.ac6.mcu.externaltools.arm-none.win32_1.7.0.201602121829/tools/compiler/bin/../lib/gcc/arm-none-eabi/5.2.1/../../../../arm-none-eabi/lib/armv7e-m/fpu/fpv5-sp-d16\libnosys.a(_exit.o)
                              c:/eclipse/plugins/fr.ac6.mcu.externaltools.arm-none.win32_1.7.0.201602121829/tools/compiler/bin/../lib/gcc/arm-none-eabi/5.2.1/../../../../arm-none-eabi/lib/armv7e-m/fpu/fpv5-sp-d16\libc_nano.a(lib_a-exit.o) (_exit)

Allocating common symbols
Common symbol       size              file

sdramHandle         0x34              Drivers/BSP/STM32746G-Discovery/stm32746g_discovery_sdram.o
hLtdcHandler        0xa8              Drivers/BSP/STM32746G-Discovery/stm32746g_discovery_lcd.o
uwTick              0x4               Drivers/STM32F7xx_HAL_Driver/Src/stm32f7xx_hal.o
pFlash              0x1c              Drivers/STM32F7xx_HAL_Driver/Src/stm32f7xx_hal_flash.o
hltdc               0xa8              Src/main.o
huart1              0x70              Src/main.o
aBufferTS           0xa               Drivers/BSP/Components/exc7200/exc7200.o
hdma2d              0x40              Src/main.o
hsdram1             0x34              Src/main.o

Discarded input sections

 .text          0x00000000        0x0 c:/eclipse/plugins/fr.ac6.mcu.externaltools.arm-none.win32_1.7.0.201602121829/tools/compiler/bin/../lib/gcc/arm-none-eabi/5.2.1/armv7e-m/fpu/fpv5-sp-d16/crti.o
 .data          0x00000000        0x0 c:/eclipse/plugins/fr.ac6.mcu.externaltools.arm-none.win32_1.7.0.201602121829/tools/compiler/bin/../lib/gcc/arm-none-eabi/5.2.1/armv7e-m/fpu/fpv5-sp-d16/crti.o
 .bss           0x00000000        0x0 c:/eclipse/plugins/fr.ac6.mcu.externaltools.arm-none.win32_1.7.0.201602121829/tools/compiler/bin/../lib/gcc/arm-none-eabi/5.2.1/armv7e-m/fpu/fpv5-sp-d16/crti.o
 .data          0x00000000        0x4 c:/eclipse/plugins/fr.ac6.mcu.externaltools.arm-none.win32_1.7.0.201602121829/tools/compiler/bin/../lib/gcc/arm-none-eabi/5.2.1/armv7e-m/fpu/fpv5-sp-d16/crtbegin.o
 .text          0x00000000       0x74 c:/eclipse/plugins/fr.ac6.mcu.externaltools.arm-none.win32_1.7.0.201602121829/tools/compiler/bin/../lib/gcc/arm-none-eabi/5.2.1/../../../../arm-none-eabi/lib/armv7e-m/fpu/fpv5-sp-d16/crt0.o
 .data          0x00000000        0x0 c:/eclipse/plugins/fr.ac6.mcu.externaltools.arm-none.win32_1.7.0.201602121829/tools/compiler/bin/../lib/gcc/arm-none-eabi/5.2.1/../../../../arm-none-eabi/lib/armv7e-m/fpu/fpv5-sp-d16/crt0.o
 .bss           0x00000000        0x0 c:/eclipse/plugins/fr.ac6.mcu.externaltools.arm-none.win32_1.7.0.201602121829/tools/compiler/bin/../lib/gcc/arm-none-eabi/5.2.1/../../../../arm-none-eabi/lib/armv7e-m/fpu/fpv5-sp-d16/crt0.o
 .ARM.extab     0x00000000        0x0 c:/eclipse/plugins/fr.ac6.mcu.externaltools.arm-none.win32_1.7.0.201602121829/tools/compiler/bin/../lib/gcc/arm-none-eabi/5.2.1/../../../../arm-none-eabi/lib/armv7e-m/fpu/fpv5-sp-d16/crt0.o
 .ARM.exidx     0x00000000        0x8 c:/eclipse/plugins/fr.ac6.mcu.externaltools.arm-none.win32_1.7.0.201602121829/tools/compiler/bin/../lib/gcc/arm-none-eabi/5.2.1/../../../../arm-none-eabi/lib/armv7e-m/fpu/fpv5-sp-d16/crt0.o
[...]
Memory Configuration

Name             Origin             Length             Attributes
FLASH            0x08000000         0x00100000         xr
RAM              0x20000000         0x00050000         xrw
*default*        0x00000000         0xffffffff

Linker script and memory map

LOAD c:/eclipse/plugins/fr.ac6.mcu.externaltools.arm-none.win32_1.7.0.201602121829/tools/compiler/bin/../lib/gcc/arm-none-eabi/5.2.1/armv7e-m/fpu/fpv5-sp-d16/crti.o
LOAD c:/eclipse/plugins/fr.ac6.mcu.externaltools.arm-none.win32_1.7.0.201602121829/tools/compiler/bin/../lib/gcc/arm-none-eabi/5.2.1/armv7e-m/fpu/fpv5-sp-d16/crtbegin.o
LOAD c:/eclipse/plugins/fr.ac6.mcu.externaltools.arm-none.win32_1.7.0.201602121829/tools/compiler/bin/../lib/gcc/arm-none-eabi/5.2.1/../../../../arm-none-eabi/lib/armv7e-m/fpu/fpv5-sp-d16/crt0.o
LOAD c:/eclipse/plugins/fr.ac6.mcu.externaltools.arm-none.win32_1.7.0.201602121829/tools/compiler/bin/../lib/gcc/arm-none-eabi/5.2.1/../../../../arm-none-eabi/lib/armv7e-m/fpu/fpv5-sp-d16\libm.a
LOAD Drivers/BSP/Components/exc7200/exc7200.o
LOAD Drivers/BSP/Components/ft5336/ft5336.o
LOAD Drivers/BSP/Components/ft6x06/ft6x06.o
LOAD Drivers/BSP/Components/mfxstm32l152/mfxstm32l152.o
LOAD Drivers/BSP/Components/otm8009a/otm8009a.o
LOAD Drivers/BSP/Components/ov9655/ov9655.o
LOAD Drivers/BSP/Components/s5k5cag/s5k5cag.o
LOAD Drivers/BSP/Components/st7735/st7735.o
LOAD Drivers/BSP/Components/stmpe811/stmpe811.o
LOAD Drivers/BSP/Components/ts3510/ts3510.o
LOAD Drivers/BSP/Components/wm8994/wm8994.o
LOAD Drivers/BSP/STM32746G-Discovery/stm32746g_discovery.o
LOAD Drivers/BSP/STM32746G-Discovery/stm32746g_discovery_lcd.o
LOAD Drivers/BSP/STM32746G-Discovery/stm32746g_discovery_sdram.o
LOAD Drivers/BSP/STM32746G-Discovery/stm32746g_discovery_ts.o
LOAD Drivers/BSP/Utilities/Fonts/font12.o
LOAD Drivers/BSP/Utilities/Fonts/font16.o
LOAD Drivers/BSP/Utilities/Fonts/font20.o
LOAD Drivers/BSP/Utilities/Fonts/font24.o
LOAD Drivers/BSP/Utilities/Fonts/font8.o
LOAD Drivers/CMSIS/Device/ST/STM32F7xx/Source/Templates/gcc/startup_stm32f746xx.o
LOAD Drivers/CMSIS/Device/ST/STM32F7xx/Source/Templates/system_stm32f7xx.o
LOAD Drivers/STM32F7xx_HAL_Driver/Src/stm32f7xx_hal.o
LOAD Drivers/STM32F7xx_HAL_Driver/Src/stm32f7xx_hal_cortex.o
LOAD Drivers/STM32F7xx_HAL_Driver/Src/stm32f7xx_hal_dma.o
LOAD Drivers/STM32F7xx_HAL_Driver/Src/stm32f7xx_hal_dma2d.o
LOAD Drivers/STM32F7xx_HAL_Driver/Src/stm32f7xx_hal_dma_ex.o
LOAD Drivers/STM32F7xx_HAL_Driver/Src/stm32f7xx_hal_dsi.o
LOAD Drivers/STM32F7xx_HAL_Driver/Src/stm32f7xx_hal_flash.o
LOAD Drivers/STM32F7xx_HAL_Driver/Src/stm32f7xx_hal_flash_ex.o
LOAD Drivers/STM32F7xx_HAL_Driver/Src/stm32f7xx_hal_gpio.o
LOAD Drivers/STM32F7xx_HAL_Driver/Src/stm32f7xx_hal_i2c.o
LOAD Drivers/STM32F7xx_HAL_Driver/Src/stm32f7xx_hal_i2c_ex.o
LOAD Drivers/STM32F7xx_HAL_Driver/Src/stm32f7xx_hal_ltdc.o
LOAD Drivers/STM32F7xx_HAL_Driver/Src/stm32f7xx_hal_ltdc_ex.o
LOAD Drivers/STM32F7xx_HAL_Driver/Src/stm32f7xx_hal_pwr.o
LOAD Drivers/STM32F7xx_HAL_Driver/Src/stm32f7xx_hal_pwr_ex.o
LOAD Drivers/STM32F7xx_HAL_Driver/Src/stm32f7xx_hal_rcc.o
LOAD Drivers/STM32F7xx_HAL_Driver/Src/stm32f7xx_hal_rcc_ex.o
LOAD Drivers/STM32F7xx_HAL_Driver/Src/stm32f7xx_hal_sdram.o
LOAD Drivers/STM32F7xx_HAL_Driver/Src/stm32f7xx_hal_tim.o
LOAD Drivers/STM32F7xx_HAL_Driver/Src/stm32f7xx_hal_tim_ex.o
LOAD Drivers/STM32F7xx_HAL_Driver/Src/stm32f7xx_hal_uart.o
LOAD Drivers/STM32F7xx_HAL_Driver/Src/stm32f7xx_ll_fmc.o
LOAD Src/main.o
LOAD Src/stm32f7xx_hal_msp.o
LOAD Src/stm32f7xx_it.o
START GROUP
LOAD c:/eclipse/plugins/fr.ac6.mcu.externaltools.arm-none.win32_1.7.0.201602121829/tools/compiler/bin/../lib/gcc/arm-none-eabi/5.2.1/armv7e-m/fpu/fpv5-sp-d16\libgcc.a
LOAD c:/eclipse/plugins/fr.ac6.mcu.externaltools.arm-none.win32_1.7.0.201602121829/tools/compiler/bin/../lib/gcc/arm-none-eabi/5.2.1/../../../../arm-none-eabi/lib/armv7e-m/fpu/fpv5-sp-d16\libc_nano.a
END GROUP
START GROUP
LOAD c:/eclipse/plugins/fr.ac6.mcu.externaltools.arm-none.win32_1.7.0.201602121829/tools/compiler/bin/../lib/gcc/arm-none-eabi/5.2.1/armv7e-m/fpu/fpv5-sp-d16\libgcc.a
LOAD c:/eclipse/plugins/fr.ac6.mcu.externaltools.arm-none.win32_1.7.0.201602121829/tools/compiler/bin/../lib/gcc/arm-none-eabi/5.2.1/../../../../arm-none-eabi/lib/armv7e-m/fpu/fpv5-sp-d16\libc_nano.a
LOAD c:/eclipse/plugins/fr.ac6.mcu.externaltools.arm-none.win32_1.7.0.201602121829/tools/compiler/bin/../lib/gcc/arm-none-eabi/5.2.1/../../../../arm-none-eabi/lib/armv7e-m/fpu/fpv5-sp-d16\libnosys.a
END GROUP
START GROUP
LOAD c:/eclipse/plugins/fr.ac6.mcu.externaltools.arm-none.win32_1.7.0.201602121829/tools/compiler/bin/../lib/gcc/arm-none-eabi/5.2.1/armv7e-m/fpu/fpv5-sp-d16\libgcc.a
LOAD c:/eclipse/plugins/fr.ac6.mcu.externaltools.arm-none.win32_1.7.0.201602121829/tools/compiler/bin/../lib/gcc/arm-none-eabi/5.2.1/../../../../arm-none-eabi/lib/armv7e-m/fpu/fpv5-sp-d16\libc_nano.a
LOAD c:/eclipse/plugins/fr.ac6.mcu.externaltools.arm-none.win32_1.7.0.201602121829/tools/compiler/bin/../lib/gcc/arm-none-eabi/5.2.1/../../../../arm-none-eabi/lib/armv7e-m/fpu/fpv5-sp-d16\libnosys.a
END GROUP
LOAD c:/eclipse/plugins/fr.ac6.mcu.externaltools.arm-none.win32_1.7.0.201602121829/tools/compiler/bin/../lib/gcc/arm-none-eabi/5.2.1/armv7e-m/fpu/fpv5-sp-d16/crtend.o
LOAD c:/eclipse/plugins/fr.ac6.mcu.externaltools.arm-none.win32_1.7.0.201602121829/tools/compiler/bin/../lib/gcc/arm-none-eabi/5.2.1/armv7e-m/fpu/fpv5-sp-d16/crtn.o
                0x20050000                _estack = 0x20050000
                0x00000200                _Min_Heap_Size = 0x200
                0x00000400                _Min_Stack_Size = 0x400

.isr_vector     0x08000000      0x1c8
                0x08000000                . = ALIGN (0x4)
 *(.isr_vector)
 .isr_vector    0x08000000      0x1c8 Drivers/CMSIS/Device/ST/STM32F7xx/Source/Templates/gcc/startup_stm32f746xx.o
                0x08000000                g_pfnVectors
                0x080001c8                . = ALIGN (0x4)

.text           0x080001c8     0x2cf4
                0x080001c8                . = ALIGN (0x4)
 *(.text)
 .text          0x080001c8       0xa4 c:/eclipse/plugins/fr.ac6.mcu.externaltools.arm-none.win32_1.7.0.201602121829/tools/compiler/bin/../lib/gcc/arm-none-eabi/5.2.1/armv7e-m/fpu/fpv5-sp-d16/crtbegin.o
 *(.text*)
 .text.LL_FillBuffer
                0x0800026c       0x78 Drivers/BSP/STM32746G-Discovery/stm32746g_discovery_lcd.o
 .text.BSP_LCD_GetXSize
                0x080002e4       0x18 Drivers/BSP/STM32746G-Discovery/stm32746g_discovery_lcd.o
                0x080002e4                BSP_LCD_GetXSize
 .text.BSP_LCD_GetYSize
                0x080002fc       0x18 Drivers/BSP/STM32746G-Discovery/stm32746g_discovery_lcd.o
                0x080002fc                BSP_LCD_GetYSize
 .text.BSP_LCD_LayerDefaultInit
                0x08000314       0x74 Drivers/BSP/STM32746G-Discovery/stm32746g_discovery_lcd.o
                0x08000314                BSP_LCD_LayerDefaultInit
 .text.BSP_LCD_SelectLayer
                0x08000388        0xc Drivers/BSP/STM32746G-Discovery/stm32746g_discovery_lcd.o
                0x08000388                BSP_LCD_SelectLayer
 .text.BSP_LCD_SetTransparency
                0x08000394        0xc Drivers/BSP/STM32746G-Discovery/stm32746g_discovery_lcd.o
                0x08000394                BSP_LCD_SetTransparency
 .text.BSP_LCD_Clear
                0x080003a0       0x2c Drivers/BSP/STM32746G-Discovery/stm32746g_discovery_lcd.o
                0x080003a0                BSP_LCD_Clear
 .text.BSP_LCD_DrawBitmap
                0x080003cc       0xe0 Drivers/BSP/STM32746G-Discovery/stm32746g_discovery_lcd.o
                0x080003cc                BSP_LCD_DrawBitmap
 .text.BSP_LCD_DisplayOn
                0x080004ac       0x34 Drivers/BSP/STM32746G-Discovery/stm32746g_discovery_lcd.o
                0x080004ac                BSP_LCD_DisplayOn
 .text.BSP_LCD_MspInit
                0x080004e0      0x148 Drivers/BSP/STM32746G-Discovery/stm32746g_discovery_lcd.o
                0x080004e0                BSP_LCD_MspInit
 .text.BSP_LCD_ClockConfig
                0x08000628       0x20 Drivers/BSP/STM32746G-Discovery/stm32746g_discovery_lcd.o
                0x08000628                BSP_LCD_ClockConfig
 .text.BSP_LCD_Init
                0x08000648       0xb4 Drivers/BSP/STM32746G-Discovery/stm32746g_discovery_lcd.o
                0x08000648                BSP_LCD_Init
 .text.BSP_SDRAM_Initialization_sequence
                0x080006fc       0x98 Drivers/BSP/STM32746G-Discovery/stm32746g_discovery_sdram.o
                0x080006fc                BSP_SDRAM_Initialization_sequence
 .text.BSP_SDRAM_MspInit
                0x08000794      0x180 Drivers/BSP/STM32746G-Discovery/stm32746g_discovery_sdram.o
                0x08000794                BSP_SDRAM_MspInit
 .text.BSP_SDRAM_Init
                0x08000914       0x84 Drivers/BSP/STM32746G-Discovery/stm32746g_discovery_sdram.o
                0x08000914                BSP_SDRAM_Init
 .text.Reset_Handler
                0x08000998       0x50 Drivers/CMSIS/Device/ST/STM32F7xx/Source/Templates/gcc/startup_stm32f746xx.o
                0x08000998                Reset_Handler
 .text.Default_Handler
                0x080009e8        0x2 Drivers/CMSIS/Device/ST/STM32F7xx/Source/Templates/gcc/startup_stm32f746xx.o
                0x080009e8                RTC_Alarm_IRQHandler
                0x080009e8                EXTI2_IRQHandler
                0x080009e8                TIM8_CC_IRQHandler
                0x080009e8                DebugMon_Handler
                0x080009e8                UART8_IRQHandler
                0x080009e8                SPI4_IRQHandler
                0x080009e8                TIM1_CC_IRQHandler
                0x080009e8                DMA2_Stream5_IRQHandler
                0x080009e8                HardFault_Handler
                0x080009e8                DMA1_Stream5_IRQHandler
                0x080009e8                PVD_IRQHandler
                0x080009e8                TAMP_STAMP_IRQHandler
                0x080009e8                NMI_Handler
                0x080009e8                CAN2_RX1_IRQHandler
                0x080009e8                EXTI3_IRQHandler
                0x080009e8                TIM8_TRG_COM_TIM14_IRQHandler
                0x080009e8                TIM1_UP_TIM10_IRQHandler
                0x080009e8                TIM8_UP_TIM13_IRQHandler
                0x080009e8                I2C3_ER_IRQHandler
                0x080009e8                EXTI0_IRQHandler
                0x080009e8                I2C2_EV_IRQHandler
                0x080009e8                DMA1_Stream2_IRQHandler
                0x080009e8                CAN1_RX0_IRQHandler
                0x080009e8                FPU_IRQHandler
                0x080009e8                OTG_HS_WKUP_IRQHandler
                0x080009e8                UsageFault_Handler
                0x080009e8                LTDC_ER_IRQHandler
                0x080009e8                CAN2_SCE_IRQHandler
                0x080009e8                DMA2_Stream2_IRQHandler
                0x080009e8                SPI1_IRQHandler
                0x080009e8                TIM6_DAC_IRQHandler
                0x080009e8                TIM1_BRK_TIM9_IRQHandler
                0x080009e8                DCMI_IRQHandler
                0x080009e8                CAN2_RX0_IRQHandler
                0x080009e8                DMA2_Stream3_IRQHandler
                0x080009e8                SAI2_IRQHandler
                0x080009e8                USART6_IRQHandler
                0x080009e8                USART3_IRQHandler
                0x080009e8                CAN1_RX1_IRQHandler
                0x080009e8                UART5_IRQHandler
                0x080009e8                DMA2_Stream0_IRQHandler
                0x080009e8                TIM4_IRQHandler
                0x080009e8                QUADSPI_IRQHandler
                0x080009e8                I2C1_EV_IRQHandler
                0x080009e8                DMA1_Stream6_IRQHandler
                0x080009e8                DMA1_Stream1_IRQHandler
                0x080009e8                UART4_IRQHandler
                0x080009e8                TIM3_IRQHandler
                0x080009e8                RCC_IRQHandler
                0x080009e8                TIM8_BRK_TIM12_IRQHandler
                0x080009e8                Default_Handler
                0x080009e8                CEC_IRQHandler
                0x080009e8                EXTI15_10_IRQHandler
                0x080009e8                ADC_IRQHandler
                0x080009e8                DMA1_Stream7_IRQHandler
                0x080009e8                SPI5_IRQHandler
                0x080009e8                TIM7_IRQHandler
                0x080009e8                SDMMC1_IRQHandler
                0x080009e8                CAN2_TX_IRQHandler
                0x080009e8                TIM5_IRQHandler
                0x080009e8                DMA2_Stream7_IRQHandler
                0x080009e8                I2C3_EV_IRQHandler
                0x080009e8                EXTI9_5_IRQHandler
                0x080009e8                RTC_WKUP_IRQHandler
                0x080009e8                LTDC_IRQHandler
                0x080009e8                ETH_WKUP_IRQHandler
                0x080009e8                SPDIF_RX_IRQHandler
                0x080009e8                SPI2_IRQHandler
                0x080009e8                OTG_HS_EP1_IN_IRQHandler
                0x080009e8                MemManage_Handler
                0x080009e8                DMA1_Stream0_IRQHandler
                0x080009e8                CAN1_TX_IRQHandler
                0x080009e8                EXTI4_IRQHandler
                0x080009e8                RNG_IRQHandler
                0x080009e8                ETH_IRQHandler
                0x080009e8                OTG_HS_EP1_OUT_IRQHandler
                0x080009e8                WWDG_IRQHandler
                0x080009e8                SPI6_IRQHandler
                0x080009e8                I2C4_EV_IRQHandler
                0x080009e8                TIM2_IRQHandler
                0x080009e8                OTG_FS_WKUP_IRQHandler
                0x080009e8                TIM1_TRG_COM_TIM11_IRQHandler
                0x080009e8                OTG_HS_IRQHandler
                0x080009e8                DMA2D_IRQHandler
                0x080009e8                EXTI1_IRQHandler
                0x080009e8                UART7_IRQHandler
                0x080009e8                USART2_IRQHandler
                0x080009e8                I2C2_ER_IRQHandler
                0x080009e8                DMA2_Stream1_IRQHandler
                0x080009e8                CAN1_SCE_IRQHandler
                0x080009e8                FLASH_IRQHandler
                0x080009e8                DMA2_Stream4_IRQHandler
                0x080009e8                BusFault_Handler
                0x080009e8                USART1_IRQHandler
                0x080009e8                OTG_FS_IRQHandler
                0x080009e8                SPI3_IRQHandler
                0x080009e8                DMA1_Stream4_IRQHandler
                0x080009e8                I2C1_ER_IRQHandler
                0x080009e8                FMC_IRQHandler
                0x080009e8                LPTIM1_IRQHandler
                0x080009e8                I2C4_ER_IRQHandler
                0x080009e8                DMA2_Stream6_IRQHandler
                0x080009e8                SAI1_IRQHandler
                0x080009e8                DMA1_Stream3_IRQHandler
 *fill*         0x080009ea        0x2 
 .text.SystemInit
                0x080009ec       0x4c Drivers/CMSIS/Device/ST/STM32F7xx/Source/Templates/system_stm32f7xx.o
                0x080009ec                SystemInit
 .text.HAL_InitTick
                0x08000a38       0x28 Drivers/STM32F7xx_HAL_Driver/Src/stm32f7xx_hal.o
                0x08000a38                HAL_InitTick
 .text.HAL_Init
                0x08000a60       0x16 Drivers/STM32F7xx_HAL_Driver/Src/stm32f7xx_hal.o
                0x08000a60                HAL_Init
 *fill*         0x08000a76        0x2 
 .text.HAL_IncTick
                0x08000a78       0x10 Drivers/STM32F7xx_HAL_Driver/Src/stm32f7xx_hal.o
                0x08000a78                HAL_IncTick
 .text.HAL_GetTick
                0x08000a88        0xc Drivers/STM32F7xx_HAL_Driver/Src/stm32f7xx_hal.o
                0x08000a88                HAL_GetTick
 .text.HAL_Delay
                0x08000a94       0x1a Drivers/STM32F7xx_HAL_Driver/Src/stm32f7xx_hal.o
                0x08000a94                HAL_Delay
 *fill*         0x08000aae        0x2 
 .text.HAL_NVIC_SetPriorityGrouping
                0x08000ab0       0x24 Drivers/STM32F7xx_HAL_Driver/Src/stm32f7xx_hal_cortex.o
                0x08000ab0                HAL_NVIC_SetPriorityGrouping
 .text.HAL_NVIC_SetPriority
                0x08000ad4       0x70 Drivers/STM32F7xx_HAL_Driver/Src/stm32f7xx_hal_cortex.o
                0x08000ad4                HAL_NVIC_SetPriority
 .text.HAL_NVIC_EnableIRQ
                0x08000b44       0x18 Drivers/STM32F7xx_HAL_Driver/Src/stm32f7xx_hal_cortex.o
                0x08000b44                HAL_NVIC_EnableIRQ
 .text.HAL_SYSTICK_Config
                0x08000b5c       0x2c Drivers/STM32F7xx_HAL_Driver/Src/stm32f7xx_hal_cortex.o
                0x08000b5c                HAL_SYSTICK_Config
 .text.HAL_SYSTICK_CLKSourceConfig
                0x08000b88       0x18 Drivers/STM32F7xx_HAL_Driver/Src/stm32f7xx_hal_cortex.o
                0x08000b88                HAL_SYSTICK_CLKSourceConfig
 .text.HAL_SYSTICK_Callback
                0x08000ba0        0x2 Drivers/STM32F7xx_HAL_Driver/Src/stm32f7xx_hal_cortex.o
                0x08000ba0                HAL_SYSTICK_Callback
 .text.HAL_SYSTICK_IRQHandler
                0x08000ba2        0x8 Drivers/STM32F7xx_HAL_Driver/Src/stm32f7xx_hal_cortex.o
                0x08000ba2                HAL_SYSTICK_IRQHandler
 *fill*         0x08000baa        0x2 
 .text.DMA_CalcBaseAndBitshift
                0x08000bac       0x2c Drivers/STM32F7xx_HAL_Driver/Src/stm32f7xx_hal_dma.o
 .text.HAL_DMA_Init
                0x08000bd8       0xec Drivers/STM32F7xx_HAL_Driver/Src/stm32f7xx_hal_dma.o
                0x08000bd8                HAL_DMA_Init
 .text.HAL_DMA_DeInit
                0x08000cc4       0x4a Drivers/STM32F7xx_HAL_Driver/Src/stm32f7xx_hal_dma.o
                0x08000cc4                HAL_DMA_DeInit
 *fill*         0x08000d0e        0x2 
 .text.DMA2D_SetConfig
                0x08000d10       0xa0 Drivers/STM32F7xx_HAL_Driver/Src/stm32f7xx_hal_dma2d.o
 .text.HAL_DMA2D_Init
                0x08000db0       0x58 Drivers/STM32F7xx_HAL_Driver/Src/stm32f7xx_hal_dma2d.o
                0x08000db0                HAL_DMA2D_Init
 .text.HAL_DMA2D_Start
                0x08000e08       0x34 Drivers/STM32F7xx_HAL_Driver/Src/stm32f7xx_hal_dma2d.o
                0x08000e08                HAL_DMA2D_Start
 .text.HAL_DMA2D_PollForTransfer
                0x08000e3c      0x10a Drivers/STM32F7xx_HAL_Driver/Src/stm32f7xx_hal_dma2d.o
                0x08000e3c                HAL_DMA2D_PollForTransfer
 *fill*         0x08000f46        0x2 
 .text.HAL_DMA2D_ConfigLayer
                0x08000f48       0xb4 Drivers/STM32F7xx_HAL_Driver/Src/stm32f7xx_hal_dma2d.o
                0x08000f48                HAL_DMA2D_ConfigLayer
 .text.HAL_GPIO_Init
                0x08000ffc      0x1d8 Drivers/STM32F7xx_HAL_Driver/Src/stm32f7xx_hal_gpio.o
                0x08000ffc                HAL_GPIO_Init
 .text.HAL_GPIO_WritePin
                0x080011d4        0x8 Drivers/STM32F7xx_HAL_Driver/Src/stm32f7xx_hal_gpio.o
                0x080011d4                HAL_GPIO_WritePin
 .text.LTDC_SetConfig
                0x080011dc      0x112 Drivers/STM32F7xx_HAL_Driver/Src/stm32f7xx_hal_ltdc.o
 *fill*         0x080012ee        0x2 
 .text.HAL_LTDC_Init
                0x080012f0       0xe8 Drivers/STM32F7xx_HAL_Driver/Src/stm32f7xx_hal_ltdc.o
                0x080012f0                HAL_LTDC_Init
 .text.HAL_LTDC_ConfigLayer
                0x080013d8       0x52 Drivers/STM32F7xx_HAL_Driver/Src/stm32f7xx_hal_ltdc.o
                0x080013d8                HAL_LTDC_ConfigLayer
 .text.HAL_LTDC_SetAlpha
                0x0800142a       0x40 Drivers/STM32F7xx_HAL_Driver/Src/stm32f7xx_hal_ltdc.o
                0x0800142a                HAL_LTDC_SetAlpha
 .text.HAL_LTDC_GetState
                0x0800146a        0x6 Drivers/STM32F7xx_HAL_Driver/Src/stm32f7xx_hal_ltdc.o
                0x0800146a                HAL_LTDC_GetState
 .text.HAL_PWREx_EnableOverDrive
                0x08001470       0x70 Drivers/STM32F7xx_HAL_Driver/Src/stm32f7xx_hal_pwr_ex.o
                0x08001470                HAL_PWREx_EnableOverDrive
 .text.HAL_RCC_OscConfig
                0x080014e0      0x334 Drivers/STM32F7xx_HAL_Driver/Src/stm32f7xx_hal_rcc.o
                0x080014e0                HAL_RCC_OscConfig
 .text.HAL_RCC_GetSysClockFreq
                0x08001814       0x7c Drivers/STM32F7xx_HAL_Driver/Src/stm32f7xx_hal_rcc.o
                0x08001814                HAL_RCC_GetSysClockFreq
 .text.HAL_RCC_ClockConfig
                0x08001890      0x154 Drivers/STM32F7xx_HAL_Driver/Src/stm32f7xx_hal_rcc.o
                0x08001890                HAL_RCC_ClockConfig
 .text.HAL_RCC_GetHCLKFreq
                0x080019e4        0xc Drivers/STM32F7xx_HAL_Driver/Src/stm32f7xx_hal_rcc.o
                0x080019e4                HAL_RCC_GetHCLKFreq
 .text.HAL_RCC_GetPCLK1Freq
                0x080019f0       0x30 Drivers/STM32F7xx_HAL_Driver/Src/stm32f7xx_hal_rcc.o
                0x080019f0                HAL_RCC_GetPCLK1Freq
 .text.HAL_RCC_GetPCLK2Freq
                0x08001a20       0x30 Drivers/STM32F7xx_HAL_Driver/Src/stm32f7xx_hal_rcc.o
                0x08001a20                HAL_RCC_GetPCLK2Freq
 .text.HAL_RCCEx_PeriphCLKConfig
                0x08001a50      0x74c Drivers/STM32F7xx_HAL_Driver/Src/stm32f7xx_hal_rcc_ex.o
                0x08001a50                HAL_RCCEx_PeriphCLKConfig
 .text.HAL_SDRAM_Init
                0x0800219c       0x40 Drivers/STM32F7xx_HAL_Driver/Src/stm32f7xx_hal_sdram.o
                0x0800219c                HAL_SDRAM_Init
 .text.HAL_SDRAM_SendCommand
                0x080021dc       0x2e Drivers/STM32F7xx_HAL_Driver/Src/stm32f7xx_hal_sdram.o
                0x080021dc                HAL_SDRAM_SendCommand
 .text.HAL_SDRAM_ProgramRefreshRate
                0x0800220a       0x24 Drivers/STM32F7xx_HAL_Driver/Src/stm32f7xx_hal_sdram.o
                0x0800220a                HAL_SDRAM_ProgramRefreshRate
 .text.UART_WaitOnFlagUntilTimeout
                0x0800222e       0x62 Drivers/STM32F7xx_HAL_Driver/Src/stm32f7xx_hal_uart.o
                0x0800222e                UART_WaitOnFlagUntilTimeout
 .text.UART_SetConfig
                0x08002290      0x268 Drivers/STM32F7xx_HAL_Driver/Src/stm32f7xx_hal_uart.o
                0x08002290                UART_SetConfig
 .text.UART_AdvFeatureConfig
                0x080024f8       0xaa Drivers/STM32F7xx_HAL_Driver/Src/stm32f7xx_hal_uart.o
                0x080024f8                UART_AdvFeatureConfig
 .text.UART_CheckIdleState
                0x080025a2       0x68 Drivers/STM32F7xx_HAL_Driver/Src/stm32f7xx_hal_uart.o
                0x080025a2                UART_CheckIdleState
 .text.HAL_UART_Init
                0x0800260a       0x64 Drivers/STM32F7xx_HAL_Driver/Src/stm32f7xx_hal_uart.o
                0x0800260a                HAL_UART_Init
 .text.FMC_SDRAM_Init
                0x0800266e       0x82 Drivers/STM32F7xx_HAL_Driver/Src/stm32f7xx_ll_fmc.o
                0x0800266e                FMC_SDRAM_Init
 .text.FMC_SDRAM_Timing_Init
                0x080026f0       0x98 Drivers/STM32F7xx_HAL_Driver/Src/stm32f7xx_ll_fmc.o
                0x080026f0                FMC_SDRAM_Timing_Init
 .text.FMC_SDRAM_SendCommand
                0x08002788       0x4c Drivers/STM32F7xx_HAL_Driver/Src/stm32f7xx_ll_fmc.o
                0x08002788                FMC_SDRAM_SendCommand
 .text.FMC_SDRAM_ProgramRefreshRate
                0x080027d4        0xc Drivers/STM32F7xx_HAL_Driver/Src/stm32f7xx_ll_fmc.o
                0x080027d4                FMC_SDRAM_ProgramRefreshRate
 .text.SystemClock_Config
                0x080027e0       0xd0 Src/main.o
                0x080027e0                SystemClock_Config
 .text.startup.main
                0x080028b0      0x2ac Src/main.o
                0x080028b0                main
 .text.HAL_MspInit
                0x08002b5c       0x60 Src/stm32f7xx_hal_msp.o
                0x08002b5c                HAL_MspInit
 .text.HAL_DMA2D_MspInit
                0x08002bbc       0x28 Src/stm32f7xx_hal_msp.o
                0x08002bbc                HAL_DMA2D_MspInit
 .text.HAL_LTDC_MspInit
                0x08002be4      0x144 Src/stm32f7xx_hal_msp.o
                0x08002be4                HAL_LTDC_MspInit
 .text.HAL_UART_MspInit
                0x08002d28       0x64 Src/stm32f7xx_hal_msp.o
                0x08002d28                HAL_UART_MspInit
 .text.HAL_SDRAM_MspInit
                0x08002d8c       0xb8 Src/stm32f7xx_hal_msp.o
                0x08002d8c                HAL_SDRAM_MspInit
 .text.SVC_Handler
                0x08002e44        0x2 Src/stm32f7xx_it.o
                0x08002e44                SVC_Handler
 .text.PendSV_Handler
                0x08002e46        0x2 Src/stm32f7xx_it.o
                0x08002e46                PendSV_Handler
 .text.SysTick_Handler
                0x08002e48        0xe Src/stm32f7xx_it.o
                0x08002e48                SysTick_Handler
 *fill*         0x08002e56        0x2 
 .text.__libc_init_array
                0x08002e58       0x4c c:/eclipse/plugins/fr.ac6.mcu.externaltools.arm-none.win32_1.7.0.201602121829/tools/compiler/bin/../lib/gcc/arm-none-eabi/5.2.1/../../../../arm-none-eabi/lib/armv7e-m/fpu/fpv5-sp-d16\libc_nano.a(lib_a-init.o)
                0x08002e58                __libc_init_array
 *(.glue_7)
 .glue_7        0x08002ea4        0x0 linker stubs
 *(.glue_7t)
 .glue_7t       0x08002ea4        0x0 linker stubs
 *(.eh_frame)
 .eh_frame      0x08002ea4        0x0 c:/eclipse/plugins/fr.ac6.mcu.externaltools.arm-none.win32_1.7.0.201602121829/tools/compiler/bin/../lib/gcc/arm-none-eabi/5.2.1/armv7e-m/fpu/fpv5-sp-d16/crtbegin.o
 *(.init)
 .init          0x08002ea4        0x4 c:/eclipse/plugins/fr.ac6.mcu.externaltools.arm-none.win32_1.7.0.201602121829/tools/compiler/bin/../lib/gcc/arm-none-eabi/5.2.1/armv7e-m/fpu/fpv5-sp-d16/crti.o
                0x08002ea4                _init
 .init          0x08002ea8        0x8 c:/eclipse/plugins/fr.ac6.mcu.externaltools.arm-none.win32_1.7.0.201602121829/tools/compiler/bin/../lib/gcc/arm-none-eabi/5.2.1/armv7e-m/fpu/fpv5-sp-d16/crtn.o
 *(.fini)
 .fini          0x08002eb0        0x4 c:/eclipse/plugins/fr.ac6.mcu.externaltools.arm-none.win32_1.7.0.201602121829/tools/compiler/bin/../lib/gcc/arm-none-eabi/5.2.1/armv7e-m/fpu/fpv5-sp-d16/crti.o
                0x08002eb0                _fini
 .fini          0x08002eb4        0x8 c:/eclipse/plugins/fr.ac6.mcu.externaltools.arm-none.win32_1.7.0.201602121829/tools/compiler/bin/../lib/gcc/arm-none-eabi/5.2.1/armv7e-m/fpu/fpv5-sp-d16/crtn.o
                0x08002ebc                . = ALIGN (0x4)
                0x08002ebc                _etext = .

.vfp11_veneer   0x08002ebc        0x0
 .vfp11_veneer  0x08002ebc        0x0 linker stubs

.v4_bx          0x08002ebc        0x0
 .v4_bx         0x08002ebc        0x0 linker stubs

.iplt           0x08002ebc        0x0
 .iplt          0x08002ebc        0x0 c:/eclipse/plugins/fr.ac6.mcu.externaltools.arm-none.win32_1.7.0.201602121829/tools/compiler/bin/../lib/gcc/arm-none-eabi/5.2.1/armv7e-m/fpu/fpv5-sp-d16/crtbegin.o

.rodata         0x08002ebc    0x17a24
                0x08002ebc                . = ALIGN (0x4)
 *(.rodata)
 .rodata        0x08002ebc     0x1ab8 Drivers/BSP/Utilities/Fonts/font24.o
                0x08002ebc                Font24_Table
 .rodata        0x08004974       0x18 Drivers/CMSIS/Device/ST/STM32F7xx/Source/Templates/system_stm32f7xx.o
                0x08004974                AHBPrescTable
                0x08004984                APBPrescTable
 .rodata        0x0800498c        0x8 Drivers/STM32F7xx_HAL_Driver/Src/stm32f7xx_hal_dma.o
 .rodata        0x08004994       0x11 Drivers/STM32F7xx_HAL_Driver/Src/stm32f7xx_hal_uart.o
 .rodata        0x080049a5    0x15f38 Src/main.o
                0x080049a5                PARTLYSUNNY_DATA
 *(.rodata*)
                0x0801a8e0                . = ALIGN (0x4)
 *fill*         0x0801a8dd        0x3 

.rel.dyn        0x0801a8e0        0x0
 .rel.iplt      0x0801a8e0        0x0 c:/eclipse/plugins/fr.ac6.mcu.externaltools.arm-none.win32_1.7.0.201602121829/tools/compiler/bin/../lib/gcc/arm-none-eabi/5.2.1/armv7e-m/fpu/fpv5-sp-d16/crtbegin.o

.ARM.extab
 *(.ARM.extab* .gnu.linkonce.armextab.*)

.ARM            0x0801a8e0        0x0
                0x0801a8e0                __exidx_start = .
 *(.ARM.exidx*)
                0x0801a8e0                __exidx_end = .

.preinit_array  0x0801a8e0        0x0
                0x0801a8e0                PROVIDE (__preinit_array_start, .)
 *(.preinit_array*)
                0x0801a8e0                PROVIDE (__preinit_array_end, .)

.init_array     0x0801a8e0        0x4
                0x0801a8e0                PROVIDE (__init_array_start, .)
 *(SORT(.init_array.*))
 *(.init_array*)
 .init_array    0x0801a8e0        0x4 c:/eclipse/plugins/fr.ac6.mcu.externaltools.arm-none.win32_1.7.0.201602121829/tools/compiler/bin/../lib/gcc/arm-none-eabi/5.2.1/armv7e-m/fpu/fpv5-sp-d16/crtbegin.o
                0x0801a8e4                PROVIDE (__init_array_end, .)

.fini_array     0x0801a8e4        0x4
                [!provide]                PROVIDE (__fini_array_start, .)
 *(SORT(.fini_array.*))
 *(.fini_array*)
 .fini_array    0x0801a8e4        0x4 c:/eclipse/plugins/fr.ac6.mcu.externaltools.arm-none.win32_1.7.0.201602121829/tools/compiler/bin/../lib/gcc/arm-none-eabi/5.2.1/armv7e-m/fpu/fpv5-sp-d16/crtbegin.o
                [!provide]                PROVIDE (__fini_array_end, .)
                0x0801a8e8                _sidata = LOADADDR (.data)

.data           0x20000000       0x10 load address 0x0801a8e8
                0x20000000                . = ALIGN (0x4)
                0x20000000                _sdata = .
 *(.data)
 .data          0x20000000        0x2 Drivers/BSP/STM32746G-Discovery/stm32746g_discovery_sdram.o
 *fill*         0x20000002        0x2 
 .data          0x20000004        0x8 Drivers/BSP/Utilities/Fonts/font24.o
                0x20000004                Font24
 .data          0x2000000c        0x4 Drivers/CMSIS/Device/ST/STM32F7xx/Source/Templates/system_stm32f7xx.o
                0x2000000c                SystemCoreClock
 *(.data*)
                0x20000010                . = ALIGN (0x4)
                0x20000010                _edata = .

.jcr            0x20000010        0x0 load address 0x0801a8f8
 .jcr           0x20000010        0x0 c:/eclipse/plugins/fr.ac6.mcu.externaltools.arm-none.win32_1.7.0.201602121829/tools/compiler/bin/../lib/gcc/arm-none-eabi/5.2.1/armv7e-m/fpu/fpv5-sp-d16/crtbegin.o

.tm_clone_table
                0x20000010        0x0 load address 0x0801a8f8
 .tm_clone_table
                0x20000010        0x0 c:/eclipse/plugins/fr.ac6.mcu.externaltools.arm-none.win32_1.7.0.201602121829/tools/compiler/bin/../lib/gcc/arm-none-eabi/5.2.1/armv7e-m/fpu/fpv5-sp-d16/crtbegin.o
 .tm_clone_table
                0x20000010        0x0 c:/eclipse/plugins/fr.ac6.mcu.externaltools.arm-none.win32_1.7.0.201602121829/tools/compiler/bin/../lib/gcc/arm-none-eabi/5.2.1/armv7e-m/fpu/fpv5-sp-d16/crtend.o

.igot.plt       0x20000010        0x0 load address 0x0801a8f8
 .igot.plt      0x20000010        0x0 c:/eclipse/plugins/fr.ac6.mcu.externaltools.arm-none.win32_1.7.0.201602121829/tools/compiler/bin/../lib/gcc/arm-none-eabi/5.2.1/armv7e-m/fpu/fpv5-sp-d16/crtbegin.o
                0x20000010                . = ALIGN (0x4)

.bss            0x20000010      0x45c load address 0x0801a8f8
                0x20000010                _sbss = .
                0x20000010                __bss_start__ = _sbss
 *(.bss)
 .bss           0x20000010       0x1c c:/eclipse/plugins/fr.ac6.mcu.externaltools.arm-none.win32_1.7.0.201602121829/tools/compiler/bin/../lib/gcc/arm-none-eabi/5.2.1/armv7e-m/fpu/fpv5-sp-d16/crtbegin.o
 .bss           0x2000002c       0xe0 Drivers/BSP/STM32746G-Discovery/stm32746g_discovery_lcd.o
 .bss           0x2000010c       0xec Drivers/BSP/STM32746G-Discovery/stm32746g_discovery_sdram.o
 .bss           0x200001f8        0x8 Src/stm32f7xx_hal_msp.o
 *(.bss*)
 *(COMMON)
 COMMON         0x20000200       0xa8 Drivers/BSP/STM32746G-Discovery/stm32746g_discovery_lcd.o
                0x20000200                hLtdcHandler
 COMMON         0x200002a8       0x34 Drivers/BSP/STM32746G-Discovery/stm32746g_discovery_sdram.o
                0x200002a8                sdramHandle
 COMMON         0x200002dc        0x4 Drivers/STM32F7xx_HAL_Driver/Src/stm32f7xx_hal.o
                0x200002dc                uwTick
 COMMON         0x200002e0      0x18c Src/main.o
                0x200002e0                hltdc
                0x20000388                huart1
                0x200003f8                hdma2d
                0x20000438                hsdram1
                0x2000046c                . = ALIGN (0x4)
                0x2000046c                _ebss = .
                0x2000046c                __bss_end__ = _ebss

._user_heap_stack
                0x2000046c      0x604 load address 0x0801a8f8
                0x20000470                . = ALIGN (0x8)
 *fill*         0x2000046c        0x4 
                [!provide]                PROVIDE (end, .)
                [!provide]                PROVIDE (_end, .)
                0x20000670                . = (. + _Min_Heap_Size)
 *fill*         0x20000470      0x200 
                0x20000a70                . = (. + _Min_Stack_Size)
 *fill*         0x20000670      0x400 
                0x20000a70                . = ALIGN (0x8)

/DISCARD/
 libc.a(*)
 libm.a(*)
 libgcc.a(*)

.ARM.attributes
                0x00000000       0x30
 *(.ARM.attributes)
 .ARM.attributes
                0x00000000       0x22 c:/eclipse/plugins/fr.ac6.mcu.externaltools.arm-none.win32_1.7.0.201602121829/tools/compiler/bin/../lib/gcc/arm-none-eabi/5.2.1/armv7e-m/fpu/fpv5-sp-d16/crti.o
 .ARM.attributes
                0x00000022       0x34 c:/eclipse/plugins/fr.ac6.mcu.externaltools.arm-none.win32_1.7.0.201602121829/tools/compiler/bin/../lib/gcc/arm-none-eabi/5.2.1/armv7e-m/fpu/fpv5-sp-d16/crtbegin.o
 .ARM.attributes
                0x00000056       0x39 Drivers/BSP/STM32746G-Discovery/stm32746g_discovery_lcd.o
 .ARM.attributes
                0x0000008f       0x39 Drivers/BSP/STM32746G-Discovery/stm32746g_discovery_sdram.o
 .ARM.attributes
                0x000000c8       0x39 Drivers/BSP/Utilities/Fonts/font24.o
 .ARM.attributes
                0x00000101       0x21 Drivers/CMSIS/Device/ST/STM32F7xx/Source/Templates/gcc/startup_stm32f746xx.o
 .ARM.attributes
                0x00000122       0x39 Drivers/CMSIS/Device/ST/STM32F7xx/Source/Templates/system_stm32f7xx.o
 .ARM.attributes
                0x0000015b       0x39 Drivers/STM32F7xx_HAL_Driver/Src/stm32f7xx_hal.o
 .ARM.attributes
                0x00000194       0x39 Drivers/STM32F7xx_HAL_Driver/Src/stm32f7xx_hal_cortex.o
 .ARM.attributes
                0x000001cd       0x39 Drivers/STM32F7xx_HAL_Driver/Src/stm32f7xx_hal_dma.o
 .ARM.attributes
                0x00000206       0x39 Drivers/STM32F7xx_HAL_Driver/Src/stm32f7xx_hal_dma2d.o
 .ARM.attributes
                0x0000023f       0x39 Drivers/STM32F7xx_HAL_Driver/Src/stm32f7xx_hal_gpio.o
 .ARM.attributes
                0x00000278       0x39 Drivers/STM32F7xx_HAL_Driver/Src/stm32f7xx_hal_ltdc.o
 .ARM.attributes
                0x000002b1       0x39 Drivers/STM32F7xx_HAL_Driver/Src/stm32f7xx_hal_pwr_ex.o
 .ARM.attributes
                0x000002ea       0x39 Drivers/STM32F7xx_HAL_Driver/Src/stm32f7xx_hal_rcc.o
 .ARM.attributes
                0x00000323       0x39 Drivers/STM32F7xx_HAL_Driver/Src/stm32f7xx_hal_rcc_ex.o
 .ARM.attributes
                0x0000035c       0x39 Drivers/STM32F7xx_HAL_Driver/Src/stm32f7xx_hal_sdram.o
 .ARM.attributes
                0x00000395       0x39 Drivers/STM32F7xx_HAL_Driver/Src/stm32f7xx_hal_uart.o
 .ARM.attributes
                0x000003ce       0x39 Drivers/STM32F7xx_HAL_Driver/Src/stm32f7xx_ll_fmc.o
 .ARM.attributes
                0x00000407       0x39 Src/main.o
 .ARM.attributes
                0x00000440       0x39 Src/stm32f7xx_hal_msp.o
 .ARM.attributes
                0x00000479       0x39 Src/stm32f7xx_it.o
 .ARM.attributes
                0x000004b2       0x34 c:/eclipse/plugins/fr.ac6.mcu.externaltools.arm-none.win32_1.7.0.201602121829/tools/compiler/bin/../lib/gcc/arm-none-eabi/5.2.1/../../../../arm-none-eabi/lib/armv7e-m/fpu/fpv5-sp-d16\libc_nano.a(lib_a-init.o)
 .ARM.attributes
                0x000004e6       0x34 c:/eclipse/plugins/fr.ac6.mcu.externaltools.arm-none.win32_1.7.0.201602121829/tools/compiler/bin/../lib/gcc/arm-none-eabi/5.2.1/armv7e-m/fpu/fpv5-sp-d16/crtend.o
 .ARM.attributes
                0x0000051a       0x22 c:/eclipse/plugins/fr.ac6.mcu.externaltools.arm-none.win32_1.7.0.201602121829/tools/compiler/bin/../lib/gcc/arm-none-eabi/5.2.1/armv7e-m/fpu/fpv5-sp-d16/crtn.o
OUTPUT(projectLcd.elf elf32-littlearm)

.debug_info     0x00000000    0x12a4b
 .debug_info    0x00000000     0x2f26 Drivers/BSP/STM32746G-Discovery/stm32746g_discovery_lcd.o
 .debug_info    0x00002f26     0x1249 Drivers/BSP/STM32746G-Discovery/stm32746g_discovery_sdram.o
 .debug_info    0x0000416f      0x11b Drivers/BSP/Utilities/Fonts/font24.o
 .debug_info    0x0000428a       0x9f Drivers/CMSIS/Device/ST/STM32F7xx/Source/Templates/gcc/startup_stm32f746xx.o
 .debug_info    0x00004329      0x6cf Drivers/CMSIS/Device/ST/STM32F7xx/Source/Templates/system_stm32f7xx.o
 .debug_info    0x000049f8      0x8e7 Drivers/STM32F7xx_HAL_Driver/Src/stm32f7xx_hal.o
 .debug_info    0x000052df     0x109c Drivers/STM32F7xx_HAL_Driver/Src/stm32f7xx_hal_cortex.o
 .debug_info    0x0000637b      0xa2a Drivers/STM32F7xx_HAL_Driver/Src/stm32f7xx_hal_dma.o
 .debug_info    0x00006da5     0x132a Drivers/STM32F7xx_HAL_Driver/Src/stm32f7xx_hal_dma2d.o
 .debug_info    0x000080cf      0x748 Drivers/STM32F7xx_HAL_Driver/Src/stm32f7xx_hal_gpio.o
 .debug_info    0x00008817     0x123f Drivers/STM32F7xx_HAL_Driver/Src/stm32f7xx_hal_ltdc.o
 .debug_info    0x00009a56      0x9c0 Drivers/STM32F7xx_HAL_Driver/Src/stm32f7xx_hal_pwr_ex.o
 .debug_info    0x0000a416      0xcbe Drivers/STM32F7xx_HAL_Driver/Src/stm32f7xx_hal_rcc.o
 .debug_info    0x0000b0d4      0xf6c Drivers/STM32F7xx_HAL_Driver/Src/stm32f7xx_hal_rcc_ex.o
 .debug_info    0x0000c040      0xcf7 Drivers/STM32F7xx_HAL_Driver/Src/stm32f7xx_hal_sdram.o
 .debug_info    0x0000cd37     0x17bd Drivers/STM32F7xx_HAL_Driver/Src/stm32f7xx_hal_uart.o
 .debug_info    0x0000e4f4      0xc8c Drivers/STM32F7xx_HAL_Driver/Src/stm32f7xx_ll_fmc.o
 .debug_info    0x0000f180     0x1d78 Src/main.o
 .debug_info    0x00010ef8     0x1a51 Src/stm32f7xx_hal_msp.o
 .debug_info    0x00012949      0x102 Src/stm32f7xx_it.o

.debug_abbrev   0x00000000     0x2b0d
 .debug_abbrev  0x00000000      0x420 Drivers/BSP/STM32746G-Discovery/stm32746g_discovery_lcd.o
 .debug_abbrev  0x00000420      0x238 Drivers/BSP/STM32746G-Discovery/stm32746g_discovery_sdram.o
 .debug_abbrev  0x00000658       0x98 Drivers/BSP/Utilities/Fonts/font24.o
 .debug_abbrev  0x000006f0       0x12 Drivers/CMSIS/Device/ST/STM32F7xx/Source/Templates/gcc/startup_stm32f746xx.o
 .debug_abbrev  0x00000702      0x120 Drivers/CMSIS/Device/ST/STM32F7xx/Source/Templates/system_stm32f7xx.o
 .debug_abbrev  0x00000822      0x1e5 Drivers/STM32F7xx_HAL_Driver/Src/stm32f7xx_hal.o
 .debug_abbrev  0x00000a07      0x332 Drivers/STM32F7xx_HAL_Driver/Src/stm32f7xx_hal_cortex.o
 .debug_abbrev  0x00000d39      0x2d1 Drivers/STM32F7xx_HAL_Driver/Src/stm32f7xx_hal_dma.o
 .debug_abbrev  0x0000100a      0x32d Drivers/STM32F7xx_HAL_Driver/Src/stm32f7xx_hal_dma2d.o
 .debug_abbrev  0x00001337      0x1cb Drivers/STM32F7xx_HAL_Driver/Src/stm32f7xx_hal_gpio.o
 .debug_abbrev  0x00001502      0x239 Drivers/STM32F7xx_HAL_Driver/Src/stm32f7xx_hal_ltdc.o
 .debug_abbrev  0x0000173b      0x1ec Drivers/STM32F7xx_HAL_Driver/Src/stm32f7xx_hal_pwr_ex.o
 .debug_abbrev  0x00001927      0x2dd Drivers/STM32F7xx_HAL_Driver/Src/stm32f7xx_hal_rcc.o
 .debug_abbrev  0x00001c04      0x231 Drivers/STM32F7xx_HAL_Driver/Src/stm32f7xx_hal_rcc_ex.o
 .debug_abbrev  0x00001e35      0x239 Drivers/STM32F7xx_HAL_Driver/Src/stm32f7xx_hal_sdram.o
 .debug_abbrev  0x0000206e      0x32c Drivers/STM32F7xx_HAL_Driver/Src/stm32f7xx_hal_uart.o
 .debug_abbrev  0x0000239a      0x183 Drivers/STM32F7xx_HAL_Driver/Src/stm32f7xx_ll_fmc.o
 .debug_abbrev  0x0000251d      0x2bf Src/main.o
 .debug_abbrev  0x000027dc      0x269 Src/stm32f7xx_hal_msp.o
 .debug_abbrev  0x00002a45       0xc8 Src/stm32f7xx_it.o

.debug_loc      0x00000000     0x8cbb
 .debug_loc     0x00000000     0x211d Drivers/BSP/STM32746G-Discovery/stm32746g_discovery_lcd.o
 .debug_loc     0x0000211d      0x2f7 Drivers/BSP/STM32746G-Discovery/stm32746g_discovery_sdram.o
 .debug_loc     0x00002414       0xec Drivers/CMSIS/Device/ST/STM32F7xx/Source/Templates/system_stm32f7xx.o
 .debug_loc     0x00002500       0x6a Drivers/STM32F7xx_HAL_Driver/Src/stm32f7xx_hal.o
 .debug_loc     0x0000256a      0x4cd Drivers/STM32F7xx_HAL_Driver/Src/stm32f7xx_hal_cortex.o
 .debug_loc     0x00002a37      0x7d9 Drivers/STM32F7xx_HAL_Driver/Src/stm32f7xx_hal_dma.o
 .debug_loc     0x00003210     0x108a Drivers/STM32F7xx_HAL_Driver/Src/stm32f7xx_hal_dma2d.o
 .debug_loc     0x0000429a      0x34f Drivers/STM32F7xx_HAL_Driver/Src/stm32f7xx_hal_gpio.o
 .debug_loc     0x000045e9     0x11b8 Drivers/STM32F7xx_HAL_Driver/Src/stm32f7xx_hal_ltdc.o
 .debug_loc     0x000057a1      0x1e8 Drivers/STM32F7xx_HAL_Driver/Src/stm32f7xx_hal_pwr_ex.o
 .debug_loc     0x00005989      0x49b Drivers/STM32F7xx_HAL_Driver/Src/stm32f7xx_hal_rcc.o
 .debug_loc     0x00005e24      0x9b4 Drivers/STM32F7xx_HAL_Driver/Src/stm32f7xx_hal_rcc_ex.o
 .debug_loc     0x000067d8      0x9b7 Drivers/STM32F7xx_HAL_Driver/Src/stm32f7xx_hal_sdram.o
 .debug_loc     0x0000718f     0x127b Drivers/STM32F7xx_HAL_Driver/Src/stm32f7xx_hal_uart.o
 .debug_loc     0x0000840a      0x7ca Drivers/STM32F7xx_HAL_Driver/Src/stm32f7xx_ll_fmc.o
 .debug_loc     0x00008bd4       0xe7 Src/stm32f7xx_hal_msp.o

.debug_aranges  0x00000000      0xba8
 .debug_aranges
                0x00000000      0x1c8 Drivers/BSP/STM32746G-Discovery/stm32746g_discovery_lcd.o
 .debug_aranges
                0x000001c8       0x68 Drivers/BSP/STM32746G-Discovery/stm32746g_discovery_sdram.o
 .debug_aranges
                0x00000230       0x18 Drivers/BSP/Utilities/Fonts/font24.o
 .debug_aranges
                0x00000248       0x28 Drivers/CMSIS/Device/ST/STM32F7xx/Source/Templates/gcc/startup_stm32f746xx.o
 .debug_aranges
                0x00000270       0x28 Drivers/CMSIS/Device/ST/STM32F7xx/Source/Templates/system_stm32f7xx.o
 .debug_aranges
                0x00000298       0xc8 Drivers/STM32F7xx_HAL_Driver/Src/stm32f7xx_hal.o
 .debug_aranges
                0x00000360       0x98 Drivers/STM32F7xx_HAL_Driver/Src/stm32f7xx_hal_cortex.o
 .debug_aranges
                0x000003f8       0x80 Drivers/STM32F7xx_HAL_Driver/Src/stm32f7xx_hal_dma.o
 .debug_aranges
                0x00000478       0xf0 Drivers/STM32F7xx_HAL_Driver/Src/stm32f7xx_hal_dma2d.o
 .debug_aranges
                0x00000568       0x58 Drivers/STM32F7xx_HAL_Driver/Src/stm32f7xx_hal_gpio.o
 .debug_aranges
                0x000005c0      0x138 Drivers/STM32F7xx_HAL_Driver/Src/stm32f7xx_hal_ltdc.o
 .debug_aranges
                0x000006f8       0x80 Drivers/STM32F7xx_HAL_Driver/Src/stm32f7xx_hal_pwr_ex.o
 .debug_aranges
                0x00000778       0x88 Drivers/STM32F7xx_HAL_Driver/Src/stm32f7xx_hal_rcc.o
 .debug_aranges
                0x00000800       0x30 Drivers/STM32F7xx_HAL_Driver/Src/stm32f7xx_hal_rcc_ex.o
 .debug_aranges
                0x00000830       0xb0 Drivers/STM32F7xx_HAL_Driver/Src/stm32f7xx_hal_sdram.o
 .debug_aranges
                0x000008e0      0x148 Drivers/STM32F7xx_HAL_Driver/Src/stm32f7xx_hal_uart.o
 .debug_aranges
                0x00000a28       0xc8 Drivers/STM32F7xx_HAL_Driver/Src/stm32f7xx_ll_fmc.o
 .debug_aranges
                0x00000af0       0x30 Src/main.o
 .debug_aranges
                0x00000b20       0x60 Src/stm32f7xx_hal_msp.o
 .debug_aranges
                0x00000b80       0x28 Src/stm32f7xx_it.o

.debug_ranges   0x00000000     0x1478
 .debug_ranges  0x00000000      0x380 Drivers/BSP/STM32746G-Discovery/stm32746g_discovery_lcd.o
 .debug_ranges  0x00000380       0xa0 Drivers/BSP/STM32746G-Discovery/stm32746g_discovery_sdram.o
 .debug_ranges  0x00000420       0x20 Drivers/CMSIS/Device/ST/STM32F7xx/Source/Templates/gcc/startup_stm32f746xx.o
 .debug_ranges  0x00000440       0x18 Drivers/CMSIS/Device/ST/STM32F7xx/Source/Templates/system_stm32f7xx.o
 .debug_ranges  0x00000458       0xb8 Drivers/STM32F7xx_HAL_Driver/Src/stm32f7xx_hal.o
 .debug_ranges  0x00000510      0x140 Drivers/STM32F7xx_HAL_Driver/Src/stm32f7xx_hal_cortex.o
 .debug_ranges  0x00000650       0xa0 Drivers/STM32F7xx_HAL_Driver/Src/stm32f7xx_hal_dma.o
 .debug_ranges  0x000006f0      0x1b8 Drivers/STM32F7xx_HAL_Driver/Src/stm32f7xx_hal_dma2d.o
 .debug_ranges  0x000008a8       0x70 Drivers/STM32F7xx_HAL_Driver/Src/stm32f7xx_hal_gpio.o
 .debug_ranges  0x00000918      0x128 Drivers/STM32F7xx_HAL_Driver/Src/stm32f7xx_hal_ltdc.o
 .debug_ranges  0x00000a40       0xf8 Drivers/STM32F7xx_HAL_Driver/Src/stm32f7xx_hal_pwr_ex.o
 .debug_ranges  0x00000b38      0x1b0 Drivers/STM32F7xx_HAL_Driver/Src/stm32f7xx_hal_rcc.o
 .debug_ranges  0x00000ce8      0x320 Drivers/STM32F7xx_HAL_Driver/Src/stm32f7xx_hal_rcc_ex.o
 .debug_ranges  0x00001008       0xa0 Drivers/STM32F7xx_HAL_Driver/Src/stm32f7xx_hal_sdram.o
 .debug_ranges  0x000010a8      0x138 Drivers/STM32F7xx_HAL_Driver/Src/stm32f7xx_hal_uart.o
 .debug_ranges  0x000011e0       0xb8 Drivers/STM32F7xx_HAL_Driver/Src/stm32f7xx_ll_fmc.o
 .debug_ranges  0x00001298       0xb8 Src/main.o
 .debug_ranges  0x00001350      0x110 Src/stm32f7xx_hal_msp.o
 .debug_ranges  0x00001460       0x18 Src/stm32f7xx_it.o

.debug_macro    0x00000000     0x3e47
 .debug_macro   0x00000000      0x356 Drivers/BSP/STM32746G-Discovery/stm32746g_discovery_lcd.o
 .debug_macro   0x00000356       0x40 Drivers/BSP/STM32746G-Discovery/stm32746g_discovery_lcd.o
 .debug_macro   0x00000396       0x9a Drivers/BSP/STM32746G-Discovery/stm32746g_discovery_lcd.o
 .debug_macro   0x00000430      0x26a Drivers/BSP/STM32746G-Discovery/stm32746g_discovery_lcd.o
 .debug_macro   0x0000069a       0x10 Drivers/BSP/STM32746G-Discovery/stm32746g_discovery_lcd.o
 .debug_macro   0x000006aa      0x12c Drivers/BSP/STM32746G-Discovery/stm32746g_discovery_lcd.o
 .debug_macro   0x000007d6      0x31a Drivers/BSP/STM32746G-Discovery/stm32746g_discovery_sdram.o
 .debug_macro   0x00000af0       0x64 Drivers/BSP/Utilities/Fonts/font24.o
 .debug_macro   0x00000b54      0x302 Drivers/CMSIS/Device/ST/STM32F7xx/Source/Templates/system_stm32f7xx.o
 .debug_macro   0x00000e56      0x32f Drivers/STM32F7xx_HAL_Driver/Src/stm32f7xx_hal.o
 .debug_macro   0x00001185      0x30b Drivers/STM32F7xx_HAL_Driver/Src/stm32f7xx_hal_cortex.o
 .debug_macro   0x00001490      0x312 Drivers/STM32F7xx_HAL_Driver/Src/stm32f7xx_hal_dma.o
 .debug_macro   0x000017a2      0x38a Drivers/STM32F7xx_HAL_Driver/Src/stm32f7xx_hal_dma2d.o
 .debug_macro   0x00001b2c      0x343 Drivers/STM32F7xx_HAL_Driver/Src/stm32f7xx_hal_gpio.o
 .debug_macro   0x00001e6f      0x30b Drivers/STM32F7xx_HAL_Driver/Src/stm32f7xx_hal_ltdc.o
 .debug_macro   0x0000217a      0x323 Drivers/STM32F7xx_HAL_Driver/Src/stm32f7xx_hal_pwr_ex.o
 .debug_macro   0x0000249d      0x32f Drivers/STM32F7xx_HAL_Driver/Src/stm32f7xx_hal_rcc.o
 .debug_macro   0x000027cc      0x317 Drivers/STM32F7xx_HAL_Driver/Src/stm32f7xx_hal_rcc_ex.o
 .debug_macro   0x00002ae3      0x30b Drivers/STM32F7xx_HAL_Driver/Src/stm32f7xx_hal_sdram.o
 .debug_macro   0x00002dee      0x313 Drivers/STM32F7xx_HAL_Driver/Src/stm32f7xx_hal_uart.o
 .debug_macro   0x00003101      0x30b Drivers/STM32F7xx_HAL_Driver/Src/stm32f7xx_ll_fmc.o
 .debug_macro   0x0000340c      0x37b Src/main.o
 .debug_macro   0x00003787       0xa0 Src/main.o
 .debug_macro   0x00003827      0x30b Src/stm32f7xx_hal_msp.o
 .debug_macro   0x00003b32      0x315 Src/stm32f7xx_it.o

.debug_line     0x00000000     0xccb8
 .debug_line    0x00000000     0x10e5 Drivers/BSP/STM32746G-Discovery/stm32746g_discovery_lcd.o
 .debug_line    0x000010e5      0x95d Drivers/BSP/STM32746G-Discovery/stm32746g_discovery_sdram.o
 .debug_line    0x00001a42      0x28d Drivers/BSP/Utilities/Fonts/font24.o
 .debug_line    0x00001ccf       0xae Drivers/CMSIS/Device/ST/STM32F7xx/Source/Templates/gcc/startup_stm32f746xx.o
 .debug_line    0x00001d7d      0x7c7 Drivers/CMSIS/Device/ST/STM32F7xx/Source/Templates/system_stm32f7xx.o
 .debug_line    0x00002544      0x91c Drivers/STM32F7xx_HAL_Driver/Src/stm32f7xx_hal.o
 .debug_line    0x00002e60      0x988 Drivers/STM32F7xx_HAL_Driver/Src/stm32f7xx_hal_cortex.o
 .debug_line    0x000037e8      0xa8b Drivers/STM32F7xx_HAL_Driver/Src/stm32f7xx_hal_dma.o
 .debug_line    0x00004273      0xe1f Drivers/STM32F7xx_HAL_Driver/Src/stm32f7xx_hal_dma2d.o
 .debug_line    0x00005092      0x97e Drivers/STM32F7xx_HAL_Driver/Src/stm32f7xx_hal_gpio.o
 .debug_line    0x00005a10     0x11f2 Drivers/STM32F7xx_HAL_Driver/Src/stm32f7xx_hal_ltdc.o
 .debug_line    0x00006c02      0x8ed Drivers/STM32F7xx_HAL_Driver/Src/stm32f7xx_hal_pwr_ex.o
 .debug_line    0x000074ef      0xb4d Drivers/STM32F7xx_HAL_Driver/Src/stm32f7xx_hal_rcc.o
 .debug_line    0x0000803c      0xbb9 Drivers/STM32F7xx_HAL_Driver/Src/stm32f7xx_hal_rcc_ex.o
 .debug_line    0x00008bf5      0xa96 Drivers/STM32F7xx_HAL_Driver/Src/stm32f7xx_hal_sdram.o
 .debug_line    0x0000968b     0x108b Drivers/STM32F7xx_HAL_Driver/Src/stm32f7xx_hal_uart.o
 .debug_line    0x0000a716      0x9f9 Drivers/STM32F7xx_HAL_Driver/Src/stm32f7xx_ll_fmc.o
 .debug_line    0x0000b10f      0xabb Src/main.o
 .debug_line    0x0000bbca      0x94f Src/stm32f7xx_hal_msp.o
 .debug_line    0x0000c519      0x79f Src/stm32f7xx_it.o

.debug_str      0x00000000    0x8b459
 .debug_str     0x00000000    0x865e1 Drivers/BSP/STM32746G-Discovery/stm32746g_discovery_lcd.o
                              0x869b7 (size before relaxing)
 .debug_str     0x000865e1      0xb9c Drivers/BSP/STM32746G-Discovery/stm32746g_discovery_sdram.o
                              0x84a3f (size before relaxing)
 .debug_str     0x0008717d       0x35 Drivers/BSP/Utilities/Fonts/font24.o
                               0x3293 (size before relaxing)
 .debug_str     0x000871b2      0x1de Drivers/CMSIS/Device/ST/STM32F7xx/Source/Templates/system_stm32f7xx.o
                              0x828fe (size before relaxing)
 .debug_str     0x00087390      0x355 Drivers/STM32F7xx_HAL_Driver/Src/stm32f7xx_hal.o
                              0x8423e (size before relaxing)
 .debug_str     0x000876e5      0x2f0 Drivers/STM32F7xx_HAL_Driver/Src/stm32f7xx_hal_cortex.o
                              0x842d5 (size before relaxing)
 .debug_str     0x000879d5      0x2fe Drivers/STM32F7xx_HAL_Driver/Src/stm32f7xx_hal_dma.o
                              0x83d0f (size before relaxing)
 .debug_str     0x00087cd3      0x755 Drivers/STM32F7xx_HAL_Driver/Src/stm32f7xx_hal_dma2d.o
                              0x842ba (size before relaxing)
 .debug_str     0x00088428      0x214 Drivers/STM32F7xx_HAL_Driver/Src/stm32f7xx_hal_gpio.o
                              0x83b99 (size before relaxing)
 .debug_str     0x0008863c      0x216 Drivers/STM32F7xx_HAL_Driver/Src/stm32f7xx_hal_ltdc.o
                              0x83ecd (size before relaxing)
 .debug_str     0x00088852      0x1f3 Drivers/STM32F7xx_HAL_Driver/Src/stm32f7xx_hal_pwr_ex.o
                              0x83c55 (size before relaxing)
 .debug_str     0x00088a45      0x362 Drivers/STM32F7xx_HAL_Driver/Src/stm32f7xx_hal_rcc.o
                              0x83d0d (size before relaxing)
 .debug_str     0x00088da7      0x105 Drivers/STM32F7xx_HAL_Driver/Src/stm32f7xx_hal_rcc_ex.o
                              0x83c46 (size before relaxing)
 .debug_str     0x00088eac      0x263 Drivers/STM32F7xx_HAL_Driver/Src/stm32f7xx_hal_sdram.o
                              0x83f61 (size before relaxing)
 .debug_str     0x0008910f      0x7a8 Drivers/STM32F7xx_HAL_Driver/Src/stm32f7xx_hal_uart.o
                              0x8437b (size before relaxing)
 .debug_str     0x000898b7      0x394 Drivers/STM32F7xx_HAL_Driver/Src/stm32f7xx_ll_fmc.o
                              0x83e1b (size before relaxing)
 .debug_str     0x00089c4b     0x16c8 Src/main.o
                              0x8837f (size before relaxing)
 .debug_str     0x0008b313       0xff Src/stm32f7xx_hal_msp.o
                              0x84a1b (size before relaxing)
 .debug_str     0x0008b412       0x47 Src/stm32f7xx_it.o
                              0x83761 (size before relaxing)

.comment        0x00000000       0x6e
 .comment       0x00000000       0x6e Drivers/BSP/STM32746G-Discovery/stm32746g_discovery_lcd.o
                                 0x6f (size before relaxing)
 .comment       0x0000006e       0x6f Drivers/BSP/STM32746G-Discovery/stm32746g_discovery_sdram.o
 .comment       0x0000006e       0x6f Drivers/BSP/Utilities/Fonts/font24.o
 .comment       0x0000006e       0x6f Drivers/CMSIS/Device/ST/STM32F7xx/Source/Templates/system_stm32f7xx.o
 .comment       0x0000006e       0x6f Drivers/STM32F7xx_HAL_Driver/Src/stm32f7xx_hal.o
 .comment       0x0000006e       0x6f Drivers/STM32F7xx_HAL_Driver/Src/stm32f7xx_hal_cortex.o
 .comment       0x0000006e       0x6f Drivers/STM32F7xx_HAL_Driver/Src/stm32f7xx_hal_dma.o
 .comment       0x0000006e       0x6f Drivers/STM32F7xx_HAL_Driver/Src/stm32f7xx_hal_dma2d.o
 .comment       0x0000006e       0x6f Drivers/STM32F7xx_HAL_Driver/Src/stm32f7xx_hal_gpio.o
 .comment       0x0000006e       0x6f Drivers/STM32F7xx_HAL_Driver/Src/stm32f7xx_hal_ltdc.o
 .comment       0x0000006e       0x6f Drivers/STM32F7xx_HAL_Driver/Src/stm32f7xx_hal_pwr_ex.o
 .comment       0x0000006e       0x6f Drivers/STM32F7xx_HAL_Driver/Src/stm32f7xx_hal_rcc.o
 .comment       0x0000006e       0x6f Drivers/STM32F7xx_HAL_Driver/Src/stm32f7xx_hal_rcc_ex.o
 .comment       0x0000006e       0x6f Drivers/STM32F7xx_HAL_Driver/Src/stm32f7xx_hal_sdram.o
 .comment       0x0000006e       0x6f Drivers/STM32F7xx_HAL_Driver/Src/stm32f7xx_hal_uart.o
 .comment       0x0000006e       0x6f Drivers/STM32F7xx_HAL_Driver/Src/stm32f7xx_ll_fmc.o
 .comment       0x0000006e       0x6f Src/main.o
 .comment       0x0000006e       0x6f Src/stm32f7xx_hal_msp.o
 .comment       0x0000006e       0x6f Src/stm32f7xx_it.o

.debug_frame    0x00000000     0x2018
 .debug_frame   0x00000000      0x618 Drivers/BSP/STM32746G-Discovery/stm32746g_discovery_lcd.o
 .debug_frame   0x00000618      0x124 Drivers/BSP/STM32746G-Discovery/stm32746g_discovery_sdram.o
 .debug_frame   0x0000073c       0x30 Drivers/CMSIS/Device/ST/STM32F7xx/Source/Templates/system_stm32f7xx.o
 .debug_frame   0x0000076c      0x1a4 Drivers/STM32F7xx_HAL_Driver/Src/stm32f7xx_hal.o
 .debug_frame   0x00000910      0x130 Drivers/STM32F7xx_HAL_Driver/Src/stm32f7xx_hal_cortex.o
 .debug_frame   0x00000a40      0x154 Drivers/STM32F7xx_HAL_Driver/Src/stm32f7xx_hal_dma.o
 .debug_frame   0x00000b94      0x2f0 Drivers/STM32F7xx_HAL_Driver/Src/stm32f7xx_hal_dma2d.o
 .debug_frame   0x00000e84       0xd4 Drivers/STM32F7xx_HAL_Driver/Src/stm32f7xx_hal_gpio.o
 .debug_frame   0x00000f58      0x3b8 Drivers/STM32F7xx_HAL_Driver/Src/stm32f7xx_hal_ltdc.o
 .debug_frame   0x00001310      0x13c Drivers/STM32F7xx_HAL_Driver/Src/stm32f7xx_hal_pwr_ex.o
 .debug_frame   0x0000144c      0x138 Drivers/STM32F7xx_HAL_Driver/Src/stm32f7xx_hal_rcc.o
 .debug_frame   0x00001584       0x6c Drivers/STM32F7xx_HAL_Driver/Src/stm32f7xx_hal_rcc_ex.o
 .debug_frame   0x000015f0      0x228 Drivers/STM32F7xx_HAL_Driver/Src/stm32f7xx_hal_sdram.o
 .debug_frame   0x00001818      0x41c Drivers/STM32F7xx_HAL_Driver/Src/stm32f7xx_hal_uart.o
 .debug_frame   0x00001c34      0x1ec Drivers/STM32F7xx_HAL_Driver/Src/stm32f7xx_ll_fmc.o
 .debug_frame   0x00001e20       0x60 Src/main.o
 .debug_frame   0x00001e80      0x120 Src/stm32f7xx_hal_msp.o
 .debug_frame   0x00001fa0       0x4c Src/stm32f7xx_it.o
 .debug_frame   0x00001fec       0x2c c:/eclipse/plugins/fr.ac6.mcu.externaltools.arm-none.win32_1.7.0.201602121829/tools/compiler/bin/../lib/gcc/arm-none-eabi/5.2.1/../../../../arm-none-eabi/lib/armv7e-m/fpu/fpv5-sp-d16\libc_nano.a(lib_a-init.o)
